// Jest Snapshot v1, https://goo.gl/fbAQLP

exports[`should match Snapshot 1`] = `
"<PageWrapper categoryId=\\"mock\\" cityId=\\"all-cities\\">
  <PageBanner colorName=\\"jobs\\" description=\\"This is the mock category\\" indicator=\\"population\\" title=\\"Mock category\\" cities={{...}} isCategoryPage={true} isContextPage={false} />
  <SubCategorySummary name=\\"Buying houses\\" highlightColorDark=\\"JOBS_600\\" summaryIndicatorIds={{...}} charts={{...}} categoryId=\\"mock\\" cities={{...}} />
  <SubCategorySummary name=\\"Living in houses\\" highlightColorDark=\\"JOBS_700\\" summaryIndicatorIds={{...}} charts={{...}} categoryId=\\"mock\\" cities={{...}} />
  <div className=\\"heroWrapper\\">
    <CityColumnChart cities={{...}} colorBase=\\"jobs\\" highlightColorDark=\\"MOCK_500\\" indicatorIds={{...}} />
  </div>
  <SubCategoryDetails subCategory={{...}} colorName=\\"jobs\\" cities={{...}} heroIndicatorId=\\"population\\" highlightColorDark=\\"JOBS_600\\" />
  <SubCategoryDetails subCategory={{...}} colorName=\\"jobs\\" cities={{...}} heroIndicatorId=\\"population\\" highlightColorDark=\\"JOBS_700\\" />
</PageWrapper>"
`;
