// Jest Snapshot v1, https://goo.gl/fbAQLP

exports[`should match Snapshot 1`] = `
"<div className=\\"card card__large\\" style={{...}}>
  <div>
    Render me
  </div>
</div>"
`;
