// Jest Snapshot v1, https://goo.gl/fbAQLP

exports[`should match Snapshot 1`] = `
"<div className=\\"wrapper\\">
  <div className=\\"categoryNav\\">
    <mockConstructor className=\\"link\\" activeClassName=\\"link__active\\" to=\\"/perth/overview\\">
      <Pill className=\\"linkText overview\\" height={28}>
        Overview
      </Pill>
    </mockConstructor>
    <mockConstructor className=\\"link\\" activeClassName=\\"link__active\\" to=\\"/perth/perth\\" onClick={[Function]}>
      <Pill className=\\"linkText undefined\\" height={28}>
        Perth
      </Pill>
    </mockConstructor>
    <mockConstructor className=\\"link\\" activeClassName=\\"link__active\\" to=\\"/perth/sydney\\" onClick={[Function]}>
      <Pill className=\\"linkText undefined\\" height={28}>
        Sydney
      </Pill>
    </mockConstructor>
  </div>
</div>"
`;
