// Jest Snapshot v1, https://goo.gl/fbAQLP

exports[`should match Snapshot 1`] = `
<footer
  className="wrapper"
>
  <h1>
    Footer
  </h1>
</footer>
`;
