// Jest Snapshot v1, https://goo.gl/fbAQLP

exports[`should match Snapshot 1`] = `
"<div className=\\"wrapper\\" style={{...}}>
  <div className=\\"container\\">
    <div className=\\"indicatorTypesWrapper\\">
      <div className=\\"indicatorTypeWrapper\\">
        <Tooltip text=\\"Contextual indicators highlight the characteristics of a city that are not amenable to or potentially appropriate for local policy intervention but they can help to explain why a city performs the way it does.\\" borderColor=\\"JOBS_900\\">
          <Icon className=\\"icon\\" color=\\"JOBS_900\\" icon=\\"contextualIndicator\\" size={24} />
          <span className=\\"text\\">
            Contextual indicators
          </span>
        </Tooltip>
      </div>
      <div className=\\"indicatorTypeWrapper\\">
        <Tooltip text=\\"A performance indicator is a measurable value that demonstrates how effectively cities are performing against the Australian Governmentâ€™s Smart Cities policy priorities.\\" borderColor=\\"JOBS_900\\">
          <Icon className=\\"icon\\" color=\\"JOBS_900\\" icon=\\"performanceIndicator\\" size={24} />
          <span className=\\"text\\">
            Performance indicators
          </span>
        </Tooltip>
      </div>
    </div>
  </div>
</div>"
`;
