// Jest Snapshot v1, https://goo.gl/fbAQLP

exports[`should match Snapshot 1`] = `
"<div className=\\"wrapper\\">
  <button className=\\"closeButton\\" onClick={[Function]} aria-label=\\"close navigation menu\\">
    âœ•
  </button>
  <div className=\\"coaWrapper\\">
    <img className=\\"coa\\" src=\\"coa-white.svg\\" alt=\\"coat of arms\\" />
  </div>
  <Connect(CityNav) categoryId=\\"jobs\\" cityId=\\"perth\\" />
</div>"
`;
