// Jest Snapshot v1, https://goo.gl/fbAQLP

exports[`should match Snapshot 1`] = `
"<div className=\\"pageWrapper\\">
  <div>
    <withRouter(SideBar) closeNav={[Function]} isOpen={false} categoryId=\\"jobs\\" cityId=\\"perth\\" />
  </div>
  <div>
    <Header openNav={[Function]} cityId=\\"perth\\" categoryId=\\"jobs\\" />
    <main className=\\"main\\">
      <div>
        render me
      </div>
    </main>
    <Footer />
  </div>
</div>"
`;
